<title>python Aug/06/2017</title>
</head>
<body>
<h2><a href="http://www.python.org">python</a></h2><p />
<blockquote>
	$ python --version<br />
	Python 2.7.5+<br />
</blockquote>

<blockquote>
UnicodeEncodeErrorが発生した場合は、sitecustomize.pyでデフォルトのエンコーディングを指定する。<p />

/usr/lib/python2.7/sitecustomize.py<br />
	<blockquote>
	import sys<br />
	reload(sys)<br />
	sys.setdefaultencoding("utf-8")<br />

	</blockquote>
</blockquote>

Installer<p />
<blockquote>
<pre>
ii  python3-pip   1.5.6-5ubuntu2    all  alternative Python package installer - Python 3 version of the package
</pre>
</blockquote>

Arch Linux<br />
<blockquote>
	# pacman -S python-pip<p />
	# pip install pymssql<p />
</blockquote>

<hr >
モジュールの場所を調べる<br />
<blockquote>
<pre>
$ python3
Python 3.4.3 (default, Mar 26 2015, 22:03:40) 
[GCC 4.9.2] on linux
Type "help", "copyright", "credits" or "license" for more information.
>>> import pymssql
>>> type (pymssql)
&lt;class 'module'&gt;
>>> print (pymssql.__file__)
/home/uchida/.local/lib/python3.4/site-packages/pymssql.cpython-34m.so
>>> quit ()
</pre>
</blockquote>


モジュールのバージョンを調べる<br />
<blockquote>
<pre>
$ python
Python 3.6.2 (default, Jul 20 2017, 03:52:27) 
[GCC 7.1.1 20170630] on linux
Type "help", "copyright", "credits" or "license" for more information.
>>> import requests
>>> requests.__version__
'2.18.3'
>>> quit()
</pre>
</blockquote>

Ubuntu<br />
<pre>
$ python3
Python 3.4.3+ (default, Oct 14 2015, 16:03:50) 
[GCC 5.2.1 20151010] on linux
Type "help", "copyright", "credits" or "license" for more information.
>>> import sys
>>> print (sys.path)
['', '/usr/lib/python3.4', '/usr/lib/python3.4/plat-x86_64-linux-gnu', '/usr/lib/python3.4/lib-dynload', '/usr/local/lib/python3.4/dist-packages', '/usr/lib/python3/dist-packages']
>>> 
</pre>

エラー<p />
UnicodeEncodeError: 'ascii' codec can't encode characters in position 23-33: ordinal not in range(128)<br />
<blockquote>
json_str.encode('utf-8')<br />
</blockquote>
