<meta content="Program Language Examples to connect to Drizzle" name="description">
<meta content="Drizzle,クライアント,接続,言語,サンプル" name="keyword">
<meta content="Uchida Masatomo" name="author">
<title>MariaDB</title>
</head>
<body>
<h1><a href="http://www.mariadb.org">MariaDB</a></h1>
<blockquote>
<pre>
ii  mariadb-server     10.0.23-0ubuntu0.15.10.1    all    MariaDB database server (metapackage depending on the latest version)
</pre>
</blockquote>

<blockquote>
<pre>
$ mysql -u root -p 
Enter password: 
Welcome to the MariaDB monitor.  Commands end with ; or \g.
Your MariaDB connection id is 35
Server version: 5.5.34-MariaDB-1~saucy-log mariadb.org binary distribution

Copyright (c) 2000, 2013, Oracle, Monty Program Ab and others.

Type 'help;' or '\h' for help. Type '\c' to clear the current input statement.

MariaDB [(none)]> create user 'scott'@'localhost' identified by 'tiger123';
Query OK, 0 rows affected (0.00 sec)

MariaDB [(none)]> create schema city;
Query OK, 1 row affected (0.00 sec)

MariaDB [(none)]> grant all on city.* to scott;
Query OK, 0 rows affected (0.00 sec)

MariaDB [(none)]> flush privileges;
Query OK, 0 rows affected (0.00 sec)

MariaDB [(none)]> exit
Bye
</pre>
</blockquote>

日本語の表示<br />
<blockquote>
/etc/mysql/conf.d/mariadb.cnf<p />
	<blockquote>
	[client]<br />
	default-character-set = utf8<br />
	[mysqld]<br />
	character-set-server  = utf8<br />
	collation-server      = utf8_general_ci<br />
	character_set_server   = utf8<br />
	collation_server       = utf8_general_ci<br />
	</blockquote>
</blockquote>

Ubuntu 18.04<br />
<blockquote>
	/etc/mysql/mysql.conf.d/mysqld.cnf<p />
	<blockquote>
	[mysqld]<br />
	character-set-server=utf8<br />
	</blockquote>
</blockquote>



再起動<p />
<blockquote>
# systemctl stop mysql<br />
# systemctl start mysql<br />
# systemctl status mysql<p />

CentOS 6.9<p />
<blockquote>
	# service mysqld stop<br />
	# service mysqld start<br />
	# service mysqld status<br />
</blockquote>
</blockquote>


PHP (Archlinux)<p />
<blockquote>
	/etc/php/php.ini<br />
	<blockquote>
	extension=pdo_mysql.so<br />
	extension=mysqli.so<br />
	</blockquote>
</blockquote>

PHP (Ubuntu)<p />
<blockquote>
	# apt install php7.1-mysql<p />
</blockquote>


Python<p />
<blockquote>
	# apt install python3-mysql.connector<p />
	# pacman -S python-mysql-connector<p />
</blockquote>

Ruby<p />
<blockquote>
	$ gem install ruby-mysql<p />
</blockquote>

Lua<p />
<blockquote>
# pacman -S lua-sql-mysql<p />
</blockquote>

Tcl<p />
<blockquote>
$ yaourt -Sb mysqltcl<p />
</blockquote>

go<p />
<blockquote>
	export GOPATH=/home/uchida/gocode<br />
	go get github.com/go-sql-driver/mysql<br />
</blockquote>

node.js<p />
<blockquote>
	npm install mysql<p />
</blockquote>


Java<p />
<blockquote>
	$ yaourt -Sb mariadb-jdbc<p />

	# apt install libmysql-java<p />
</blockquote>


Arch Linux<p />
<blockquote>
	# pacman -S mariadb<p />
	# systemctl start mysqld.service<p />
	# pacman -S perl-dbd-mysql<p />
	# pacman -S phpmyadmin<p />
</blockquote>
<hr />
バックアップ<br />
<blockquote>
$ mysqldump -u root -x --all-databases > dump.sql<p />
$ mysqldump -u root city > city.sql<p />
</blockquote>
復元<br />
<blockquote>
$ mysql -u root -p < dump.sql<p />
$ mysql -u root city < city.sql<p />
</blockquote>
<hr />
Ubuntu<p />
<blockquote>
# apt install phpmyadmin<p />
</blockquote>
Arch Linux<p />
<blockquote>
# pacman -S mariadb<p />
# mysql_install_db --user=mysql --basedir=/usr --datadir=/var/lib/mysql<p />
# systemctl start mysqld.service<p />
# pacman -S phpmyadmin php-mcrypt<p />
</blockquote>

root のパスワードの再設定<br />
<blockquote>
# systemctl stop mysqld<br />
# mysqld_safe --skip-grant-tables<br />
<p />
<pre>
$ mysql -u root
Welcome to the MariaDB monitor.  Commands end with ; or \g.
Your MariaDB connection id is 3
Server version: 10.1.14-MariaDB MariaDB Server

Copyright (c) 2000, 2016, Oracle, MariaDB Corporation Ab and others.

Type 'help;' or '\h' for help. Type '\c' to clear the current input statement.

MariaDB [(none)]> UPDATE mysql.user SET Password=PASSWORD('newpassword') WHERE User='root';
Query OK, 4 rows affected (0.04 sec)
Rows matched: 4  Changed: 4  Warnings: 0

MariaDB [(none)]> FLUSH PRIVILEGES;
Query OK, 0 rows affected (0.00 sec)

MariaDB [(none)]> exit;
Bye
</pre>
</blockquote>
<hr />
ユーザーの確認<br />
<blockquote>
select Host, User, Password from mysql.user;
</blockquote>
ユーザーの削除<br />
<blockquote>
drop user 'user'@'localhost';
</blockquote>

エラーログの出力<p />
<blockquote>
	/etc/mysq/my.cnf<p />
	<blockquote>
	[mysqld]<br />
	log-error=/var/log/mysql/mysqld.log<br />
	</blockquote>
</blockquote>

パスワードなしで、rootでアクセス
<blockquote>
	/etc/mysq/my.cnf<p />
	<blockquote>
	[mysqld]<br />
	skip-grant-tables<br />
	</blockquote>
</blockquote>

外部から接続する<p />
<blockquote>
	# bind-address = 127.0.0.1<p />
	Ubuntu の場合<p />
	<blockquote>
	/etc/mysql/mariadb.conf.d/50-server.cnf<p />
	</blockquote>
</blockquote>

パスワードに特殊文字が入っている時は、シングルクォートで囲む<p />
<blockquote>
	mysql -h192.108.46.8 -uaaa -p'a*$bcdSf&$g'<p />
</blockquote>

GUI のツール<p />
<blockquote>
	mysql-workbench<p />
</blockquote>

<blockquote>
</blockquote>

<blockquote>
</blockquote>
